     1                                  ;; vim:ft=nasm
     2                                  
     3                                  global _start
     4                                  section .text
     5                                  _start:
     6 00000000 B801000000                mov rax, 1 ; write(2)
     7 00000005 BF01000000                mov rdi, 1 ; stdout
     8 0000000A 48BE-                     mov rsi, hello
     8 0000000C [0000000000000000] 
     9 00000014 BA12000000                mov rdx, len
    10 00000019 0F05                      syscall
    11                                  
    12 0000001B B83C000000                mov rax, 60 ; exit(2)
    13 00000020 BF00000000                mov rdi, 0
    14 00000025 0F05                      syscall
    15                                  
    16                                  section .data
    17 00000000 48656C6C6F2C204173-       hello db "Hello, Assembler!",0xa
    17 00000009 73656D626C6572210A 
    18                                    len equ $-hello
